[2022-07-02T21:58:03.185+0000][0.011s] Using G1
[2022-07-02T21:58:03.255+0000][0.082s] Version: 17.0.3+7 (release)
[2022-07-02T21:58:03.256+0000][0.082s] CPUs: 12 total, 12 available
[2022-07-02T21:58:03.256+0000][0.082s] Memory: 12732M
[2022-07-02T21:58:03.256+0000][0.082s] Large Page Support: Disabled
[2022-07-02T21:58:03.256+0000][0.083s] NUMA Support: Disabled
[2022-07-02T21:58:03.257+0000][0.083s] Compressed Oops: Enabled (32-bit)
[2022-07-02T21:58:03.257+0000][0.083s] Heap Region Size: 1M
[2022-07-02T21:58:03.257+0000][0.083s] Heap Min Capacity: 512M
[2022-07-02T21:58:03.257+0000][0.083s] Heap Initial Capacity: 512M
[2022-07-02T21:58:03.257+0000][0.083s] Heap Max Capacity: 512M
[2022-07-02T21:58:03.257+0000][0.084s] Pre-touch: Enabled
[2022-07-02T21:58:03.258+0000][0.084s] Parallel Workers: 10
[2022-07-02T21:58:03.258+0000][0.084s] Concurrent Workers: 3
[2022-07-02T21:58:03.258+0000][0.084s] Concurrent Refinement Workers: 10
[2022-07-02T21:58:03.258+0000][0.085s] Periodic GC: Disabled
[2022-07-02T21:58:03.259+0000][0.085s] CDS archive(s) mapped at: [0x0000000800000000-0x0000000800a76000-0x0000000800a76000), size 10969088, SharedBaseAddress: 0x0000000800000000, ArchiveRelocationMode: 0.
[2022-07-02T21:58:03.259+0000][0.085s] Compressed class space mapped at: 0x0000000800c00000-0x0000000840c00000, reserved size: 1073741824
[2022-07-02T21:58:03.259+0000][0.085s] Narrow klass base: 0x0000000800000000, Narrow klass shift: 0, Narrow klass range: 0x100000000
[2022-07-02T21:58:03.808+0000][0.635s] GC(0) Pause Young (Normal) (G1 Evacuation Pause)
[2022-07-02T21:58:03.809+0000][0.635s] GC(0) Using 10 workers of 10 for evacuation
[2022-07-02T21:58:03.812+0000][0.638s] GC(0)   Pre Evacuate Collection Set: 0.2ms
[2022-07-02T21:58:03.812+0000][0.638s] GC(0)   Merge Heap Roots: 0.2ms
[2022-07-02T21:58:03.812+0000][0.638s] GC(0)   Evacuate Collection Set: 1.9ms
[2022-07-02T21:58:03.812+0000][0.639s] GC(0)   Post Evacuate Collection Set: 0.7ms
[2022-07-02T21:58:03.813+0000][0.639s] GC(0)   Other: 0.5ms
[2022-07-02T21:58:03.813+0000][0.639s] GC(0) Eden regions: 29->0(58)
[2022-07-02T21:58:03.813+0000][0.639s] GC(0) Survivor regions: 0->4(4)
[2022-07-02T21:58:03.813+0000][0.639s] GC(0) Old regions: 0->1
[2022-07-02T21:58:03.813+0000][0.639s] GC(0) Archive regions: 2->2
[2022-07-02T21:58:03.813+0000][0.639s] GC(0) Humongous regions: 0->0
[2022-07-02T21:58:03.813+0000][0.640s] GC(0) Metaspace: 9860K(10112K)->9860K(10112K) NonClass: 8653K(8768K)->8653K(8768K) Class: 1206K(1344K)->1206K(1344K)
[2022-07-02T21:58:03.814+0000][0.640s] GC(0) Pause Young (Normal) (G1 Evacuation Pause) 29M->5M(512M) 5.281ms
[2022-07-02T21:58:03.814+0000][0.640s] GC(0) User=0.00s Sys=0.01s Real=0.01s
[2022-07-02T21:58:04.191+0000][1.017s] GC(1) Pause Young (Normal) (G1 Evacuation Pause)
[2022-07-02T21:58:04.192+0000][1.018s] GC(1) Using 10 workers of 10 for evacuation
[2022-07-02T21:58:04.197+0000][1.023s] GC(1)   Pre Evacuate Collection Set: 0.2ms
[2022-07-02T21:58:04.198+0000][1.024s] GC(1)   Merge Heap Roots: 0.2ms
[2022-07-02T21:58:04.198+0000][1.024s] GC(1)   Evacuate Collection Set: 3.6ms
[2022-07-02T21:58:04.198+0000][1.024s] GC(1)   Post Evacuate Collection Set: 1.5ms
[2022-07-02T21:58:04.198+0000][1.024s] GC(1)   Other: 0.6ms
[2022-07-02T21:58:04.198+0000][1.024s] GC(1) Eden regions: 55->0(66)
[2022-07-02T21:58:04.198+0000][1.024s] GC(1) Survivor regions: 4->8(8)
[2022-07-02T21:58:04.198+0000][1.025s] GC(1) Old regions: 1->9
[2022-07-02T21:58:04.199+0000][1.025s] GC(1) Archive regions: 2->2
[2022-07-02T21:58:04.199+0000][1.025s] GC(1) Humongous regions: 4->4
[2022-07-02T21:58:04.199+0000][1.025s] GC(1) Metaspace: 15775K(16064K)->15775K(16064K) NonClass: 13852K(14016K)->13852K(14016K) Class: 1922K(2048K)->1922K(2048K)
[2022-07-02T21:58:04.199+0000][1.025s] GC(1) Pause Young (Normal) (G1 Evacuation Pause) 64M->21M(512M) 7.648ms
[2022-07-02T21:58:04.199+0000][1.025s] GC(1) User=0.03s Sys=0.01s Real=0.00s
[2022-07-02T21:58:04.436+0000][1.262s] GC(2) Pause Young (Concurrent Start) (Metadata GC Threshold)
[2022-07-02T21:58:04.437+0000][1.263s] GC(2) Using 10 workers of 10 for evacuation
[2022-07-02T21:58:04.441+0000][1.267s] GC(2)   Pre Evacuate Collection Set: 0.2ms
[2022-07-02T21:58:04.442+0000][1.268s] GC(2)   Merge Heap Roots: 0.2ms
[2022-07-02T21:58:04.442+0000][1.268s] GC(2)   Evacuate Collection Set: 2.6ms
[2022-07-02T21:58:04.442+0000][1.268s] GC(2)   Post Evacuate Collection Set: 1.4ms
[2022-07-02T21:58:04.442+0000][1.268s] GC(2)   Other: 0.7ms
[2022-07-02T21:58:04.442+0000][1.268s] GC(2) Eden regions: 53->0(76)
[2022-07-02T21:58:04.442+0000][1.269s] GC(2) Survivor regions: 8->2(10)
[2022-07-02T21:58:04.443+0000][1.269s] GC(2) Old regions: 9->17
[2022-07-02T21:58:04.443+0000][1.269s] GC(2) Archive regions: 2->2
[2022-07-02T21:58:04.443+0000][1.269s] GC(2) Humongous regions: 4->4
[2022-07-02T21:58:04.443+0000][1.269s] GC(2) Metaspace: 21225K(21504K)->21225K(21504K) NonClass: 18717K(18816K)->18717K(18816K) Class: 2508K(2688K)->2508K(2688K)
[2022-07-02T21:58:04.443+0000][1.269s] GC(2) Pause Young (Concurrent Start) (Metadata GC Threshold) 73M->23M(512M) 6.993ms
[2022-07-02T21:58:04.443+0000][1.270s] GC(2) User=0.02s Sys=0.02s Real=0.01s
[2022-07-02T21:58:04.444+0000][1.270s] GC(3) Concurrent Mark Cycle
[2022-07-02T21:58:04.444+0000][1.270s] GC(3) Concurrent Clear Claimed Marks
[2022-07-02T21:58:04.444+0000][1.270s] GC(3) Concurrent Clear Claimed Marks 0.173ms
[2022-07-02T21:58:04.444+0000][1.270s] GC(3) Concurrent Scan Root Regions
[2022-07-02T21:58:04.446+0000][1.272s] GC(3) Concurrent Scan Root Regions 1.615ms
[2022-07-02T21:58:04.446+0000][1.272s] GC(3) Concurrent Mark
[2022-07-02T21:58:04.446+0000][1.272s] GC(3) Concurrent Mark From Roots
[2022-07-02T21:58:04.446+0000][1.272s] GC(3) Using 3 workers of 3 for marking
[2022-07-02T21:58:04.450+0000][1.276s] GC(3) Concurrent Mark From Roots 4.289ms
[2022-07-02T21:58:04.451+0000][1.277s] GC(3) Concurrent Preclean
[2022-07-02T21:58:04.451+0000][1.277s] GC(3) Concurrent Preclean 0.196ms
[2022-07-02T21:58:04.451+0000][1.277s] GC(3) Pause Remark
[2022-07-02T21:58:04.453+0000][1.279s] GC(3) Pause Remark 25M->25M(512M) 2.013ms
[2022-07-02T21:58:04.453+0000][1.280s] GC(3) User=0.01s Sys=0.01s Real=0.00s
[2022-07-02T21:58:04.454+0000][1.280s] GC(3) Concurrent Mark 7.722ms
[2022-07-02T21:58:04.454+0000][1.280s] GC(3) Concurrent Rebuild Remembered Sets
[2022-07-02T21:58:04.457+0000][1.283s] GC(3) Concurrent Rebuild Remembered Sets 2.843ms
[2022-07-02T21:58:04.457+0000][1.283s] GC(3) Pause Cleanup
[2022-07-02T21:58:04.458+0000][1.284s] GC(3) Pause Cleanup 25M->25M(512M) 0.359ms
[2022-07-02T21:58:04.458+0000][1.284s] GC(3) User=0.00s Sys=0.00s Real=0.00s
[2022-07-02T21:58:04.458+0000][1.284s] GC(3) Concurrent Cleanup for Next Mark
[2022-07-02T21:58:04.458+0000][1.285s] GC(3) Concurrent Cleanup for Next Mark 0.571ms
[2022-07-02T21:58:04.459+0000][1.285s] GC(3) Concurrent Mark Cycle 15.039ms
[2022-07-02T21:58:05.100+0000][1.926s] GC(4) Pause Young (Prepare Mixed) (G1 Evacuation Pause)
[2022-07-02T21:58:05.100+0000][1.926s] GC(4) Using 10 workers of 10 for evacuation
[2022-07-02T21:58:05.104+0000][1.930s] GC(4)   Pre Evacuate Collection Set: 0.2ms
[2022-07-02T21:58:05.104+0000][1.931s] GC(4)   Merge Heap Roots: 0.2ms
[2022-07-02T21:58:05.105+0000][1.931s] GC(4)   Evacuate Collection Set: 2.5ms
[2022-07-02T21:58:05.105+0000][1.931s] GC(4)   Post Evacuate Collection Set: 0.7ms
[2022-07-02T21:58:05.105+0000][1.931s] GC(4)   Other: 0.6ms
[2022-07-02T21:58:05.105+0000][1.931s] GC(4) Eden regions: 76->0(19)
[2022-07-02T21:58:05.105+0000][1.931s] GC(4) Survivor regions: 2->6(10)
[2022-07-02T21:58:05.105+0000][1.931s] GC(4) Old regions: 17->17
[2022-07-02T21:58:05.105+0000][1.932s] GC(4) Archive regions: 2->2
[2022-07-02T21:58:05.106+0000][1.932s] GC(4) Humongous regions: 4->4
[2022-07-02T21:58:05.106+0000][1.932s] GC(4) Metaspace: 29448K(29824K)->29448K(29824K) NonClass: 25860K(26048K)->25860K(26048K) Class: 3588K(3776K)->3588K(3776K)
[2022-07-02T21:58:05.106+0000][1.932s] GC(4) Pause Young (Prepare Mixed) (G1 Evacuation Pause) 99M->27M(512M) 5.930ms
[2022-07-02T21:58:05.106+0000][1.932s] GC(4) User=0.02s Sys=0.01s Real=0.01s
[2022-07-02T21:58:05.245+0000][2.071s] GC(5) Pause Young (Mixed) (G1 Evacuation Pause)
[2022-07-02T21:58:05.245+0000][2.071s] GC(5) Using 10 workers of 10 for evacuation
[2022-07-02T21:58:05.249+0000][2.075s] GC(5)   Pre Evacuate Collection Set: 0.2ms
[2022-07-02T21:58:05.249+0000][2.076s] GC(5)   Merge Heap Roots: 0.2ms
[2022-07-02T21:58:05.250+0000][2.076s] GC(5)   Evacuate Collection Set: 2.6ms
[2022-07-02T21:58:05.250+0000][2.076s] GC(5)   Post Evacuate Collection Set: 0.7ms
[2022-07-02T21:58:05.250+0000][2.076s] GC(5)   Other: 0.6ms
[2022-07-02T21:58:05.250+0000][2.076s] GC(5) Eden regions: 19->0(305)
[2022-07-02T21:58:05.250+0000][2.076s] GC(5) Survivor regions: 6->2(4)
[2022-07-02T21:58:05.250+0000][2.076s] GC(5) Old regions: 17->22
[2022-07-02T21:58:05.250+0000][2.077s] GC(5) Archive regions: 2->2
[2022-07-02T21:58:05.251+0000][2.077s] GC(5) Humongous regions: 4->4
[2022-07-02T21:58:05.251+0000][2.077s] GC(5) Metaspace: 31641K(32064K)->31641K(32064K) NonClass: 27750K(27968K)->27750K(27968K) Class: 3891K(4096K)->3891K(4096K)
[2022-07-02T21:58:05.251+0000][2.077s] GC(5) Pause Young (Mixed) (G1 Evacuation Pause) 46M->27M(512M) 6.041ms
[2022-07-02T21:58:05.251+0000][2.077s] GC(5) User=0.02s Sys=0.00s Real=0.01s
[2022-07-02T21:58:05.813+0000][2.640s] GC(6) Pause Young (Concurrent Start) (Metadata GC Threshold)
[2022-07-02T21:58:05.814+0000][2.640s] GC(6) Using 10 workers of 10 for evacuation
[2022-07-02T21:58:05.817+0000][2.643s] GC(6)   Pre Evacuate Collection Set: 0.2ms
[2022-07-02T21:58:05.817+0000][2.643s] GC(6)   Merge Heap Roots: 0.2ms
[2022-07-02T21:58:05.817+0000][2.643s] GC(6)   Evacuate Collection Set: 1.7ms
[2022-07-02T21:58:05.817+0000][2.643s] GC(6)   Post Evacuate Collection Set: 0.7ms
[2022-07-02T21:58:05.817+0000][2.643s] GC(6)   Other: 0.4ms
[2022-07-02T21:58:05.817+0000][2.643s] GC(6) Eden regions: 50->0(303)
[2022-07-02T21:58:05.817+0000][2.644s] GC(6) Survivor regions: 2->4(39)
[2022-07-02T21:58:05.818+0000][2.644s] GC(6) Old regions: 22->22
[2022-07-02T21:58:05.818+0000][2.644s] GC(6) Archive regions: 2->2
[2022-07-02T21:58:05.818+0000][2.644s] GC(6) Humongous regions: 5->4
[2022-07-02T21:58:05.818+0000][2.644s] GC(6) Metaspace: 35863K(36160K)->35863K(36160K) NonClass: 31426K(31552K)->31426K(31552K) Class: 4436K(4608K)->4436K(4608K)
[2022-07-02T21:58:05.818+0000][2.644s] GC(6) Pause Young (Concurrent Start) (Metadata GC Threshold) 78M->30M(512M) 4.923ms
[2022-07-02T21:58:05.818+0000][2.645s] GC(6) User=0.01s Sys=0.00s Real=0.00s
[2022-07-02T21:58:05.819+0000][2.645s] GC(7) Concurrent Mark Cycle
[2022-07-02T21:58:05.819+0000][2.645s] GC(7) Concurrent Clear Claimed Marks
[2022-07-02T21:58:05.819+0000][2.645s] GC(7) Concurrent Clear Claimed Marks 0.158ms
[2022-07-02T21:58:05.819+0000][2.645s] GC(7) Concurrent Scan Root Regions
[2022-07-02T21:58:05.820+0000][2.646s] GC(7) Concurrent Scan Root Regions 1.245ms
[2022-07-02T21:58:05.821+0000][2.647s] GC(7) Concurrent Mark
[2022-07-02T21:58:05.821+0000][2.647s] GC(7) Concurrent Mark From Roots
[2022-07-02T21:58:05.821+0000][2.647s] GC(7) Using 3 workers of 3 for marking
[2022-07-02T21:58:05.832+0000][2.658s] GC(7) Concurrent Mark From Roots 11.192ms
[2022-07-02T21:58:05.832+0000][2.658s] GC(7) Concurrent Preclean
[2022-07-02T21:58:05.832+0000][2.659s] GC(7) Concurrent Preclean 0.202ms
[2022-07-02T21:58:05.833+0000][2.659s] GC(7) Pause Remark
[2022-07-02T21:58:05.836+0000][2.662s] GC(7) Pause Remark 34M->34M(512M) 2.699ms
[2022-07-02T21:58:05.836+0000][2.662s] GC(7) User=0.01s Sys=0.00s Real=0.00s
[2022-07-02T21:58:05.836+0000][2.662s] GC(7) Concurrent Mark 15.449ms
[2022-07-02T21:58:05.836+0000][2.662s] GC(7) Concurrent Rebuild Remembered Sets
[2022-07-02T21:58:05.841+0000][2.668s] GC(7) Concurrent Rebuild Remembered Sets 5.116ms
[2022-07-02T21:58:05.842+0000][2.668s] GC(7) Pause Cleanup
[2022-07-02T21:58:05.842+0000][2.668s] GC(7) Pause Cleanup 36M->36M(512M) 0.394ms
[2022-07-02T21:58:05.843+0000][2.669s] GC(7) User=0.00s Sys=0.00s Real=0.00s
[2022-07-02T21:58:05.843+0000][2.669s] GC(7) Concurrent Cleanup for Next Mark
[2022-07-02T21:58:05.843+0000][2.670s] GC(7) Concurrent Cleanup for Next Mark 0.638ms
[2022-07-02T21:58:05.844+0000][2.670s] GC(7) Concurrent Mark Cycle 24.979ms
[2022-07-02T21:59:58.914+0000][115.740s] Heap
[2022-07-02T21:59:58.914+0000][115.741s]  garbage-first heap   total 524288K, used 239806K [0x00000000e0000000, 0x0000000100000000)
[2022-07-02T21:59:58.915+0000][115.741s]   region size 1024K, 205 young (209920K), 4 survivors (4096K)
[2022-07-02T21:59:58.915+0000][115.741s]  Metaspace       used 47968K, committed 48384K, reserved 1097728K
[2022-07-02T21:59:58.915+0000][115.741s]   class space    used 6008K, committed 6208K, reserved 1048576K
